[KTamsins-MacBook-Air:20180919_stringR tamsinforbes$ git v[Kclone https://github.com/matt-dray/earl18-crosstalk.git
Cloning into 'earl18-crosstalk'...
remote: Counting objects: 77, done.[K
remote: Compressing objects:   2% (1/46)   [Kremote: Compressing objects:   4% (2/46)   [Kremote: Compressing objects:   6% (3/46)   [Kremote: Compressing objects:   8% (4/46)   [Kremote: Compressing objects:  10% (5/46)   [Kremote: Compressing objects:  13% (6/46)   [Kremote: Compressing objects:  15% (7/46)   [Kremote: Compressing objects:  17% (8/46)   [Kremote: Compressing objects:  19% (9/46)   [Kremote: Compressing objects:  21% (10/46)   [Kremote: Compressing objects:  23% (11/46)   [Kremote: Compressing objects:  26% (12/46)   [Kremote: Compressing objects:  28% (13/46)   [Kremote: Compressing objects:  30% (14/46)   [Kremote: Compressing objects:  32% (15/46)   [Kremote: Compressing objects:  34% (16/46)   [Kremote: Compressing objects:  36% (17/46)   [Kremote: Compressing objects:  39% (18/46)   [Kremote: Compressing objects:  41% (19/46)   [Kremote: Compressing objects:  43% (20/46)   [Kremote: Compressing objects:  45% (21/46)   [Kremote: Compressing objects:  47% (22/46)   [Kremote: Compressing objects:  50% (23/46)   [Kremote: Compressing objects:  52% (24/46)   [Kremote: Compressing objects:  54% (25/46)   [Kremote: Compressing objects:  56% (26/46)   [Kremote: Compressing objects:  58% (27/46)   [Kremote: Compressing objects:  60% (28/46)   [Kremote: Compressing objects:  63% (29/46)   [Kremote: Compressing objects:  65% (30/46)   [Kremote: Compressing objects:  67% (31/46)   [Kremote: Compressing objects:  69% (32/46)   [Kremote: Compressing objects:  71% (33/46)   [Kremote: Compressing objects:  73% (34/46)   [Kremote: Compressing objects:  76% (35/46)   [Kremote: Compressing objects:  78% (36/46)   [Kremote: Compressing objects:  80% (37/46)   [Kremote: Compressing objects:  82% (38/46)   [Kremote: Compressing objects:  84% (39/46)   [Kremote: Compressing objects:  86% (40/46)   [Kremote: Compressing objects:  89% (41/46)   [Kremote: Compressing objects:  91% (42/46)   [Kremote: Compressing objects:  93% (43/46)   [Kremote: Compressing objects:  95% (44/46)   [Kremote: Compressing objects:  97% (45/46)   [Kremote: Compressing objects: 100% (46/46)   [Kremote: Compressing objects: 100% (46/46), done.[K
Unpacking objects:   1% (1/77)   Unpacking objects:   2% (2/77)   Unpacking objects:   3% (3/77)   Unpacking objects:   5% (4/77)   Unpacking objects:   6% (5/77)   Unpacking objects:   7% (6/77)   Unpacking objects:   9% (7/77)   Unpacking objects:  10% (8/77)   Unpacking objects:  11% (9/77)   Unpacking objects:  12% (10/77)   Unpacking objects:  14% (11/77)   Unpacking objects:  15% (12/77)   Unpacking objects:  16% (13/77)   Unpacking objects:  18% (14/77)   Unpacking objects:  19% (15/77)   Unpacking objects:  20% (16/77)   Unpacking objects:  22% (17/77)   Unpacking objects:  23% (18/77)   Unpacking objects:  24% (19/77)   Unpacking objects:  25% (20/77)   Unpacking objects:  27% (21/77)   Unpacking objects:  28% (22/77)   Unpacking objects:  29% (23/77)   Unpacking objects:  31% (24/77)   Unpacking objects:  32% (25/77)   Unpacking objects:  33% (26/77)   Unpacking objects:  35% (27/77)   Unpacking objects:  36% (28/77)   Unpacking objects:  37% (29/77)   Unpacking objects:  38% (30/77)   Unpacking objects:  40% (31/77)   Unpacking objects:  41% (32/77)   Unpacking objects:  42% (33/77)   Unpacking objects:  44% (34/77)   Unpacking objects:  45% (35/77)   Unpacking objects:  46% (36/77)   Unpacking objects:  48% (37/77)   Unpacking objects:  49% (38/77)   Unpacking objects:  50% (39/77)   Unpacking objects:  51% (40/77)   Unpacking objects:  53% (41/77)   Unpacking objects:  54% (42/77)   Unpacking objects:  55% (43/77)   Unpacking objects:  57% (44/77)   Unpacking objects:  58% (45/77)   Unpacking objects:  59% (46/77)   Unpacking objects:  61% (47/77)   Unpacking objects:  62% (48/77)   Unpacking objects:  63% (49/77)   Unpacking objects:  64% (50/77)   Unpacking objects:  66% (51/77)   Unpacking objects:  67% (52/77)   Unpacking objects:  68% (53/77)   Unpacking objects:  70% (54/77)   Unpacking objects:  71% (55/77)   Unpacking objects:  72% (56/77)   Unpacking objects:  74% (57/77)   Unpacking objects:  75% (58/77)   Unpacking objects:  76% (59/77)   Unpacking objects:  77% (60/77)   Unpacking objects:  79% (61/77)   Unpacking objects:  80% (62/77)   Unpacking objects:  81% (63/77)   Unpacking objects:  83% (64/77)   Unpacking objects:  84% (65/77)   Unpacking objects:  85% (66/77)   Unpacking objects:  87% (67/77)   Unpacking objects:  88% (68/77)   Unpacking objects:  89% (69/77)   Unpacking objects:  90% (70/77)   Unpacking objects:  92% (71/77)   Unpacking objects:  93% (72/77)   Unpacking objects:  94% (73/77)   Unpacking objects:  96% (74/77)   remote: Total 77 (delta 41), reused 54 (delta 25), pack-reused 0[K
Unpacking objects:  97% (75/77)   Unpacking objects:  98% (76/77)   Unpacking objects: 100% (77/77)   Unpacking objects: 100% (77/77), done.
[KTamsins-MacBook-Air:20180919_stringR tamsinforbes$ cd
]0;~Tamsins-MacBook-Air:~ tamsinforbes$ git vlone [K[K[K[K[K[Kc;lon[K[K[K[Klone https://github.com/departmentfortransport/coffee-and-coding.git
Cloning into 'coffee-and-coding'...
remote: Counting objects: 239, done.[K
remote: Compressing objects:   0% (1/148)   [Kremote: Compressing objects:   1% (2/148)   [Kremote: Compressing objects:   2% (3/148)   [Kremote: Compressing objects:   3% (5/148)   [Kremote: Compressing objects:   4% (6/148)   [Kremote: Compressing objects:   5% (8/148)   [Kremote: Compressing objects:   6% (9/148)   [Kremote: Compressing objects:   7% (11/148)   [Kremote: Compressing objects:   8% (12/148)   [Kremote: Compressing objects:   9% (14/148)   [Kremote: Compressing objects:  10% (15/148)   [Kremote: Compressing objects:  11% (17/148)   [Kremote: Compressing objects:  12% (18/148)   [Kremote: Compressing objects:  13% (20/148)   [Kremote: Compressing objects:  14% (21/148)   [Kremote: Compressing objects:  15% (23/148)   [Kremote: Compressing objects:  16% (24/148)   [Kremote: Compressing objects:  17% (26/148)   [Kremote: Compressing objects:  18% (27/148)   [Kremote: Compressing objects:  19% (29/148)   [Kremote: Compressing objects:  20% (30/148)   [Kremote: Compressing objects:  21% (32/148)   [Kremote: Compressing objects:  22% (33/148)   [Kremote: Compressing objects:  23% (35/148)   [Kremote: Compressing objects:  24% (36/148)   [Kremote: Compressing objects:  25% (37/148)   [Kremote: Compressing objects:  26% (39/148)   [Kremote: Compressing objects:  27% (40/148)   [Kremote: Compressing objects:  28% (42/148)   [Kremote: Compressing objects:  29% (43/148)   [Kremote: Compressing objects:  30% (45/148)   [Kremote: Compressing objects:  31% (46/148)   [Kremote: Compressing objects:  32% (48/148)   [Kremote: Compressing objects:  33% (49/148)   [Kremote: Compressing objects:  34% (51/148)   [Kremote: Compressing objects:  35% (52/148)   [Kremote: Compressing objects:  36% (54/148)   [Kremote: Compressing objects:  37% (55/148)   [Kremote: Compressing objects:  38% (57/148)   [Kremote: Compressing objects:  39% (58/148)   [Kremote: Compressing objects:  40% (60/148)   [Kremote: Compressing objects:  41% (61/148)   [Kremote: Compressing objects:  42% (63/148)   [Kremote: Compressing objects:  43% (64/148)   [Kremote: Compressing objects:  44% (66/148)   [Kremote: Compressing objects:  45% (67/148)   [Kremote: Compressing objects:  46% (69/148)   [Kremote: Compressing objects:  47% (70/148)   [Kremote: Compressing objects:  48% (72/148)   [Kremote: Compressing objects:  49% (73/148)   [Kremote: Compressing objects:  50% (74/148)   [Kremote: Compressing objects:  51% (76/148)   [Kremote: Compressing objects:  52% (77/148)   [Kremote: Compressing objects:  53% (79/148)   [Kremote: Compressing objects:  54% (80/148)   [Kremote: Compressing objects:  55% (82/148)   [Kremote: Compressing objects:  56% (83/148)   [Kremote: Compressing objects:  57% (85/148)   [Kremote: Compressing objects:  58% (86/148)   [Kremote: Compressing objects:  59% (88/148)   [Kremote: Compressing objects:  60% (89/148)   [Kremote: Compressing objects:  61% (91/148)   [Kremote: Compressing objects:  62% (92/148)   [Kremote: Compressing objects:  63% (94/148)   [Kremote: Compressing objects:  64% (95/148)   [Kremote: Compressing objects:  65% (97/148)   [Kremote: Compressing objects:  66% (98/148)   [Kremote: Compressing objects:  67% (100/148)   [Kremote: Compressing objects:  68% (101/148)   [Kremote: Compressing objects:  69% (103/148)   [Kremote: Compressing objects:  70% (104/148)   [Kremote: Compressing objects:  71% (106/148)   [Kremote: Compressing objects:  72% (107/148)   [Kremote: Compressing objects:  73% (109/148)   [Kremote: Compressing objects:  74% (110/148)   [Kremote: Compressing objects:  75% (111/148)   [Kremote: Compressing objects:  76% (113/148)   [Kremote: Compressing objects:  77% (114/148)   [Kremote: Compressing objects:  78% (116/148)   [Kremote: Compressing objects:  79% (117/148)   [Kremote: Compressing objects:  80% (119/148)   [Kremote: Compressing objects:  81% (120/148)   [Kremote: Compressing objects:  82% (122/148)   [Kremote: Compressing objects:  83% (123/148)   [Kremote: Compressing objects:  84% (125/148)   [Kremote: Compressing objects:  85% (126/148)   [Kremote: Compressing objects:  86% (128/148)   [Kremote: Compressing objects:  87% (129/148)   [Kremote: Compressing objects:  88% (131/148)   [Kremote: Compressing objects:  89% (132/148)   [Kremote: Compressing objects:  90% (134/148)   [Kremote: Compressing objects:  91% (135/148)   [Kremote: Compressing objects:  92% (137/148)   [Kremote: Compressing objects:  93% (138/148)   [Kremote: Compressing objects:  94% (140/148)   [Kremote: Compressing objects:  95% (141/148)   [Kremote: Compressing objects:  96% (143/148)   [Kremote: Compressing objects:  97% (144/148)   [Kremote: Compressing objects:  98% (146/148)   [Kremote: Compressing objects:  99% (147/148)   [Kremote: Compressing objects: 100% (148/148)   [Kremote: Compressing objects: 100% (148/148), done.[K
Receiving objects:   0% (1/239)   Receiving objects:   1% (3/239)   Receiving objects:   2% (5/239)   Receiving objects:   3% (8/239)   Receiving objects:   4% (10/239)   Receiving objects:   5% (12/239)   Receiving objects:   6% (15/239)   Receiving objects:   7% (17/239)   Receiving objects:   8% (20/239)   Receiving objects:   9% (22/239)   Receiving objects:  10% (24/239)   Receiving objects:  11% (27/239)   Receiving objects:  12% (29/239)   Receiving objects:  13% (32/239)   Receiving objects:  14% (34/239)   Receiving objects:  15% (36/239)   Receiving objects:  16% (39/239)   Receiving objects:  17% (41/239)   Receiving objects:  18% (44/239)   Receiving objects:  19% (46/239)   Receiving objects:  20% (48/239)   Receiving objects:  21% (51/239)   Receiving objects:  22% (53/239)   Receiving objects:  23% (55/239)   Receiving objects:  24% (58/239), 292.00 KiB | 514.00 KiB/s   Receiving objects:  25% (60/239), 292.00 KiB | 514.00 KiB/s   Receiving objects:  26% (63/239), 292.00 KiB | 514.00 KiB/s   Receiving objects:  27% (65/239), 292.00 KiB | 514.00 KiB/s   Receiving objects:  28% (67/239), 292.00 KiB | 514.00 KiB/s   Receiving objects:  29% (70/239), 292.00 KiB | 514.00 KiB/s   Receiving objects:  30% (72/239), 292.00 KiB | 514.00 KiB/s   Receiving objects:  31% (75/239), 292.00 KiB | 514.00 KiB/s   Receiving objects:  32% (77/239), 292.00 KiB | 514.00 KiB/s   Receiving objects:  33% (79/239), 292.00 KiB | 514.00 KiB/s   Receiving objects:  34% (82/239), 292.00 KiB | 514.00 KiB/s   Receiving objects:  35% (84/239), 292.00 KiB | 514.00 KiB/s   Receiving objects:  36% (87/239), 292.00 KiB | 514.00 KiB/s   Receiving objects:  37% (89/239), 292.00 KiB | 514.00 KiB/s   Receiving objects:  38% (91/239), 292.00 KiB | 514.00 KiB/s   Receiving objects:  39% (94/239), 292.00 KiB | 514.00 KiB/s   Receiving objects:  40% (96/239), 292.00 KiB | 514.00 KiB/s   Receiving objects:  41% (98/239), 292.00 KiB | 514.00 KiB/s   Receiving objects:  42% (101/239), 292.00 KiB | 514.00 KiB/s   Receiving objects:  43% (103/239), 292.00 KiB | 514.00 KiB/s   Receiving objects:  44% (106/239), 292.00 KiB | 514.00 KiB/s   Receiving objects:  45% (108/239), 292.00 KiB | 514.00 KiB/s   Receiving objects:  46% (110/239), 292.00 KiB | 514.00 KiB/s   Receiving objects:  47% (113/239), 292.00 KiB | 514.00 KiB/s   Receiving objects:  48% (115/239), 292.00 KiB | 514.00 KiB/s   Receiving objects:  49% (118/239), 292.00 KiB | 514.00 KiB/s   Receiving objects:  50% (120/239), 292.00 KiB | 514.00 KiB/s   Receiving objects:  51% (122/239), 292.00 KiB | 514.00 KiB/s   Receiving objects:  52% (125/239), 292.00 KiB | 514.00 KiB/s   Receiving objects:  53% (127/239), 292.00 KiB | 514.00 KiB/s   Receiving objects:  54% (130/239), 292.00 KiB | 514.00 KiB/s   Receiving objects:  55% (132/239), 292.00 KiB | 514.00 KiB/s   Receiving objects:  56% (134/239), 292.00 KiB | 514.00 KiB/s   Receiving objects:  57% (137/239), 292.00 KiB | 514.00 KiB/s   Receiving objects:  58% (139/239), 292.00 KiB | 514.00 KiB/s   Receiving objects:  59% (142/239), 292.00 KiB | 514.00 KiB/s   Receiving objects:  60% (144/239), 292.00 KiB | 514.00 KiB/s   Receiving objects:  61% (146/239), 292.00 KiB | 514.00 KiB/s   Receiving objects:  62% (149/239), 292.00 KiB | 514.00 KiB/s   Receiving objects:  63% (151/239), 292.00 KiB | 514.00 KiB/s   Receiving objects:  64% (153/239), 292.00 KiB | 514.00 KiB/s   Receiving objects:  65% (156/239), 292.00 KiB | 514.00 KiB/s   Receiving objects:  66% (158/239), 292.00 KiB | 514.00 KiB/s   Receiving objects:  66% (159/239), 292.00 KiB | 514.00 KiB/s   Receiving objects:  67% (161/239), 292.00 KiB | 514.00 KiB/s   Receiving objects:  68% (163/239), 292.00 KiB | 514.00 KiB/s   Receiving objects:  69% (165/239), 292.00 KiB | 514.00 KiB/s   Receiving objects:  70% (168/239), 292.00 KiB | 514.00 KiB/s   Receiving objects:  71% (170/239), 292.00 KiB | 514.00 KiB/s   Receiving objects:  72% (173/239), 292.00 KiB | 514.00 KiB/s   Receiving objects:  73% (175/239), 292.00 KiB | 514.00 KiB/s   Receiving objects:  74% (177/239), 292.00 KiB | 514.00 KiB/s   Receiving objects:  75% (180/239), 292.00 KiB | 514.00 KiB/s   Receiving objects:  76% (182/239), 292.00 KiB | 514.00 KiB/s   Receiving objects:  77% (185/239), 292.00 KiB | 514.00 KiB/s   Receiving objects:  78% (187/239), 292.00 KiB | 514.00 KiB/s   Receiving objects:  79% (189/239), 292.00 KiB | 514.00 KiB/s   Receiving objects:  80% (192/239), 292.00 KiB | 514.00 KiB/s   remote: Total 239 (delta 80), reused 217 (delta 68), pack-reused 0[K
Receiving objects:  81% (194/239), 292.00 KiB | 514.00 KiB/s   Receiving objects:  82% (196/239), 292.00 KiB | 514.00 KiB/s   Receiving objects:  83% (199/239), 292.00 KiB | 514.00 KiB/s   Receiving objects:  84% (201/239), 292.00 KiB | 514.00 KiB/s   Receiving objects:  85% (204/239), 292.00 KiB | 514.00 KiB/s   Receiving objects:  86% (206/239), 292.00 KiB | 514.00 KiB/s   Receiving objects:  87% (208/239), 292.00 KiB | 514.00 KiB/s   Receiving objects:  88% (211/239), 292.00 KiB | 514.00 KiB/s   Receiving objects:  89% (213/239), 292.00 KiB | 514.00 KiB/s   Receiving objects:  90% (216/239), 292.00 KiB | 514.00 KiB/s   Receiving objects:  91% (218/239), 292.00 KiB | 514.00 KiB/s   Receiving objects:  92% (220/239), 292.00 KiB | 514.00 KiB/s   Receiving objects:  93% (223/239), 292.00 KiB | 514.00 KiB/s   Receiving objects:  94% (225/239), 292.00 KiB | 514.00 KiB/s   Receiving objects:  95% (228/239), 292.00 KiB | 514.00 KiB/s   Receiving objects:  96% (230/239), 292.00 KiB | 514.00 KiB/s   Receiving objects:  97% (232/239), 292.00 KiB | 514.00 KiB/s   Receiving objects:  98% (235/239), 292.00 KiB | 514.00 KiB/s   Receiving objects:  99% (237/239), 292.00 KiB | 514.00 KiB/s   Receiving objects: 100% (239/239), 292.00 KiB | 514.00 KiB/s   Receiving objects: 100% (239/239), 543.86 KiB | 526.00 KiB/s, done.
Resolving deltas:   0% (0/80)   Resolving deltas:   6% (5/80)   Resolving deltas:   7% (6/80)   Resolving deltas:  12% (10/80)   Resolving deltas:  13% (11/80)   Resolving deltas:  15% (12/80)   Resolving deltas:  26% (21/80)   Resolving deltas:  38% (31/80)   Resolving deltas:  51% (41/80)   Resolving deltas:  52% (42/80)   Resolving deltas:  53% (43/80)   Resolving deltas:  57% (46/80)   Resolving deltas:  60% (48/80)   Resolving deltas:  61% (49/80)   Resolving deltas:  63% (51/80)   Resolving deltas:  65% (52/80)   Resolving deltas:  67% (54/80)   Resolving deltas:  80% (64/80)   Resolving deltas:  85% (68/80)   Resolving deltas:  86% (69/80)   Resolving deltas:  87% (70/80)   Resolving deltas:  88% (71/80)   Resolving deltas:  90% (72/80)   Resolving deltas:  91% (73/80)   Resolving deltas:  92% (74/80)   Resolving deltas:  93% (75/80)   Resolving deltas:  95% (76/80)   Resolving deltas:  97% (78/80)   Resolving deltas:  98% (79/80)   Resolving deltas: 100% (80/80)   Resolving deltas: 100% (80/80), done.
]0;~Tamsins-MacBook-Air:~ tamsinforbes$ git branch
fatal: Not a git repository (or any of the parent directories): .git
]0;~Tamsins-MacBook-Air:~ tamsinforbes$ cd
]0;~Tamsins-MacBook-Air:~ tamsinforbes$ cd coffee-and-coding
]0;~/coffee-and-codingTamsins-MacBook-Air:coffee-and-coding tamsinforbes$ git branhc[K[Kch
* [32mmaster[m
]0;~/coffee-and-codingTamsins-MacBook-Air:coffee-and-coding tamsinforbes$ git checkout - [Kb string-branch
Switched to a new branch 'string-branch'
]0;~/coffee-and-codingTamsins-MacBook-Air:coffee-and-coding tamsinforbes$ git branch
  master[m
* [32mstring-branch[m
[KTamsins-MacBook-Air:coffee-and-coding tamsinforbes$ git clone https://github.com/matt-dray/earl118-crosstalk.git[A[C[C[C[C[C[C[C[C[C[C[C[C[C[C[C[C[C[C[C[C[C[C[C[C[C[C[C[C[C[C[C[C[C[C[C[C[C[C[C[Cbranch[K
[K[A[C[C[C[C[C[C[C[C[C[C[C[C[C[C[C[C[C[C[C[C[C[C[C[C[C[C[C[C[C[C[C[C[C[C[C[C[C[C[C[C[C[C[C[C[C[C[C[C[C[C[C[C[C[C[C[C[C[C[C[C[C[C
  master[m
* [32mstring-branch[m
]0;~/coffee-and-codingTamsins-MacBook-Air:coffee-and-coding tamsinforbes$ git branchclone https://github.com/matt-dray/earl118-crosstalk.git[A[C[C[C[C[C[C[C[C[C[C[C[C[C[C[C[C[C[C[C[C[C[C[C[C[C[C[C[C[C[C[C[C[C[C[C[C[C[C[C[Cbranch[K
[K[A[C[C[C[C[C[C[C[C[C[C[C[C[C[C[C[C[C[C[C[C[C[C[C[C[C[C[C[C[C[C[C[C[C[C[C[C[C[C[C[C[C[C[C[C[C[C[C[C[C[C[C[C[C[C[C[C[C[C[C[C[C[Cclone "https://github.com/MangoTheCat/Inntroduction-to-Functional-Programming-with-Purrr.git"[A[28Pbrew search ogr
[K[A[C[C[C[C[C[C[C[C[C[C[C[C[C[C[C[C[C[C[C[C[C[C[C[C[C[C[C[C[C[C[C[C[C[C[C[C[C[C[C[C[C[C[C[C[C[C[C[C[C[C[C[C[C[C[C[C[C[C[C[C[C[C[C[C[C[C[C2ogr[Kgit clone "https://github.com/MangoTheCat/Inntroduction-to-Functional-Programming-with-Purrr.git"[A[C[C[Cbranch[K
[K[A[C[C[C[C[C[C[C[C[C[C[C[C[C[C[C[C[C[C[C[C[C[C[C[C[C[C[C[C[C[C[C[C[C[C[C[C[C[C[C[C[C[C[C[C[C[C[C[C[C[C[C[C[C[C[C[C[C[C[C[C[C[Cclone https://github.com/matt-dray/earl118-crosstalk.git[A[C[C[C[C[C[C[C[C[C[C[C[C[C[C[C[C[C[C[C[C[C[C[C[C[C[C[C[C[C[C[C[C[C[C[C[C[C[C[C[Cbranch[K
[K[A[C[C[C[C[C[C[C[C[C[C[C[C[C[C[C[C[C[C[C[C[C[C[C[C[C[C[C[C[C[C[C[C[C[C[C[C[C[C[C[C[C[C[C[C[C[C[C[C[C[C[C[C[C[C[C[C[C[C[C[C[C[C[K[K[K[K[K[Kadd .
]0;~/coffee-and-codingTamsins-MacBook-Air:coffee-and-coding tamsinforbes$ git add .[K[K[K[K[Kcommit -m "pushing stringr materials"
On branch string-branch
nothing to commit, working tree clean
]0;~/coffee-and-codingTamsins-MacBook-Air:coffee-and-coding tamsinforbes$ [KTamsins-MacBook-Air:coffee-and-coding tamsinforbes$ git push origin string [K-brina[K[K[Kanch
fatal: cannot run rpostback-askpass: No such file or directory
Username for 'https://github.com': tamsinforbes
fatal: cannot run rpostback-askpass: No such file or directory
Password for 'https://tamsinforbes@github.com': 
remote: Invalid username or password.
fatal: Authentication failed for 'https://github.com/departmentfortransport/coffee-and-coding.git/'
]0;~/coffee-and-codingTamsins-MacBook-Air:coffee-and-coding tamsinforbes$ git push origin string-branch
fatal: cannot run rpostback-askpass: No such file or directory
Username for 'https://github.com': 